2025-06-23 20:42:38,164 INFO: *** 2. EDA, profiling and Recode ***
2025-06-23 20:42:38,172 INFO: Excluded Validation rows: 263
2025-06-23 20:42:38,173 INFO: No binary variables to process.
2025-06-23 20:42:38,173 INFO: nom_cntl_start, number of nominal variables = 1
2025-06-23 20:42:38,175 INFO: Processing nominal variable pnom: Embarked, type: str
2025-06-23 20:42:38,200 INFO: Recode for variable Embarked written to streamlit_output\CE2_Nominal_Var_Recode.py
2025-06-23 20:42:38,202 INFO: Updated vars2_nom for Embarked: uniq_cnt=4, miss_cnt=17, max_cnt=15597
2025-06-23 20:42:38,211 INFO: Profiling for variable Embarked completed.
2025-06-23 20:42:38,213 INFO: Processed variable: Embarked, overall_good=1.0
2025-06-23 20:42:38,215 INFO: nom_cntl end, number of new nominal variables = 1
2025-06-23 20:42:38,216 INFO: Nominal variables processed: 1
2025-06-23 20:42:38,217 INFO: ord_cntl start, number of ordinal variables = 1
2025-06-23 20:42:38,221 INFO: Processing ordinal variable: Pclass in pord
2025-06-23 20:42:38,223 INFO: Processing numeric ordinal variable: Pclass in pnum
2025-06-23 20:42:38,271 INFO: Recode for variable Pclass written to streamlit_output\CE2_Ordinal_Var_Recode.py
2025-06-23 20:42:38,273 INFO: Updated vars2_ord for Pclass
2025-06-23 20:42:38,277 INFO: Profiling for ordinal variable Pclass completed.
2025-06-23 20:42:38,279 INFO: Processed variable: Pclass, overall_good=1.0
2025-06-23 20:42:38,283 INFO: ord_cntl end, number of new ordinal variables = 1
2025-06-23 20:42:38,283 INFO: Ordinal variables processed: 1
2025-06-23 20:42:38,285 INFO: cont_cntl start, number of continuous variables = 2
2025-06-23 20:42:38,291 INFO: Processing continuous variable: Age in pcont
2025-06-23 20:42:38,293 INFO: Processing numeric continuous variable: Age in pnum
2025-06-23 20:42:38,438 INFO: Recode for variable Age written to streamlit_output\CE2_Continuous_Var_Recode.py
2025-06-23 20:42:38,440 INFO: Updated vars2_cont for Age
2025-06-23 20:42:38,450 INFO: Profiling for continuous variable Age completed.
2025-06-23 20:42:38,452 INFO: Processed variable: Age, overall_good=1.0
2025-06-23 20:42:38,454 INFO: Processing continuous variable: Fare in pcont
2025-06-23 20:42:38,455 INFO: Processing numeric continuous variable: Fare in pnum
2025-06-23 20:42:38,612 INFO: Recode for variable Fare written to streamlit_output\CE2_Continuous_Var_Recode.py
2025-06-23 20:42:38,613 INFO: Updated vars2_cont for Fare
2025-06-23 20:42:38,623 INFO: Profiling for continuous variable Fare completed.
2025-06-23 20:42:38,624 INFO: Processed variable: Fare, overall_good=1.0
2025-06-23 20:42:38,626 INFO: cont_cntl end, number of new continuous variables = 2
2025-06-23 20:42:38,627 INFO: Continuous variables processed: 2
